TimeQuest Timing Analyzer report for multiplicador
Thu Nov 27 19:39:00 2014
Quartus II 64-Bit Version 13.0.0 Build 156 04/24/2013 SJ Web Edition


---------------------
; Table of Contents ;
---------------------
  1. Legal Notice
  2. TimeQuest Timing Analyzer Summary
  3. Parallel Compilation
  4. Clocks
  5. Slow Model Fmax Summary
  6. Slow Model Setup Summary
  7. Slow Model Hold Summary
  8. Slow Model Recovery Summary
  9. Slow Model Removal Summary
 10. Slow Model Minimum Pulse Width Summary
 11. Slow Model Minimum Pulse Width: 'Clock'
 12. Setup Times
 13. Hold Times
 14. Clock to Output Times
 15. Minimum Clock to Output Times
 16. Output Enable Times
 17. Minimum Output Enable Times
 18. Output Disable Times
 19. Minimum Output Disable Times
 20. Fast Model Setup Summary
 21. Fast Model Hold Summary
 22. Fast Model Recovery Summary
 23. Fast Model Removal Summary
 24. Fast Model Minimum Pulse Width Summary
 25. Fast Model Minimum Pulse Width: 'Clock'
 26. Setup Times
 27. Hold Times
 28. Clock to Output Times
 29. Minimum Clock to Output Times
 30. Output Enable Times
 31. Minimum Output Enable Times
 32. Output Disable Times
 33. Minimum Output Disable Times
 34. Multicorner Timing Analysis Summary
 35. Setup Times
 36. Hold Times
 37. Clock to Output Times
 38. Minimum Clock to Output Times
 39. Clock Transfers
 40. Report TCCS
 41. Report RSKM
 42. Unconstrained Paths
 43. TimeQuest Timing Analyzer Messages



----------------
; Legal Notice ;
----------------
Copyright (C) 1991-2013 Altera Corporation
Your use of Altera Corporation's design tools, logic functions 
and other software and tools, and its AMPP partner logic 
functions, and any output files from any of the foregoing 
(including device programming or simulation files), and any 
associated documentation or information are expressly subject 
to the terms and conditions of the Altera Program License 
Subscription Agreement, Altera MegaCore Function License 
Agreement, or other applicable license agreement, including, 
without limitation, that your use is for the sole purpose of 
programming logic devices manufactured by Altera and sold by 
Altera or its authorized distributors.  Please refer to the 
applicable agreement for further details.



+-------------------------------------------------------------------------+
; TimeQuest Timing Analyzer Summary                                       ;
+--------------------+----------------------------------------------------+
; Quartus II Version ; Version 13.0.0 Build 156 04/24/2013 SJ Web Edition ;
; Revision Name      ; multiplicador                                      ;
; Device Family      ; Cyclone II                                         ;
; Device Name        ; EP2C5T144C6                                        ;
; Timing Models      ; Final                                              ;
; Delay Model        ; Combined                                           ;
; Rise/Fall Delays   ; Unavailable                                        ;
+--------------------+----------------------------------------------------+


Parallel compilation was disabled, but you have multiple processors available. Enable parallel compilation to reduce compilation time.
+-------------------------------------+
; Parallel Compilation                ;
+----------------------------+--------+
; Processors                 ; Number ;
+----------------------------+--------+
; Number detected on machine ; 2      ;
; Maximum allowed            ; 1      ;
+----------------------------+--------+


+-----------------------------------------------------------------------------------------------------------------------------------------------------------------------------------+
; Clocks                                                                                                                                                                            ;
+------------+------+--------+------------+-------+-------+------------+-----------+-------------+-------+--------+-----------+------------+----------+--------+--------+-----------+
; Clock Name ; Type ; Period ; Frequency  ; Rise  ; Fall  ; Duty Cycle ; Divide by ; Multiply by ; Phase ; Offset ; Edge List ; Edge Shift ; Inverted ; Master ; Source ; Targets   ;
+------------+------+--------+------------+-------+-------+------------+-----------+-------------+-------+--------+-----------+------------+----------+--------+--------+-----------+
; Clock      ; Base ; 1.000  ; 1000.0 MHz ; 0.000 ; 0.500 ;            ;           ;             ;       ;        ;           ;            ;          ;        ;        ; { Clock } ;
+------------+------+--------+------------+-------+-------+------------+-----------+-------------+-------+--------+-----------+------------+----------+--------+--------+-----------+


---------------------------
; Slow Model Fmax Summary ;
---------------------------
No paths to report.


----------------------------
; Slow Model Setup Summary ;
----------------------------
No paths to report.


---------------------------
; Slow Model Hold Summary ;
---------------------------
No paths to report.


-------------------------------
; Slow Model Recovery Summary ;
-------------------------------
No paths to report.


------------------------------
; Slow Model Removal Summary ;
------------------------------
No paths to report.


+----------------------------------------+
; Slow Model Minimum Pulse Width Summary ;
+-------+--------+-----------------------+
; Clock ; Slack  ; End Point TNS         ;
+-------+--------+-----------------------+
; Clock ; -1.380 ; -17.380               ;
+-------+--------+-----------------------+


+---------------------------------------------------------------------------------------------------------+
; Slow Model Minimum Pulse Width: 'Clock'                                                                 ;
+--------+--------------+----------------+------------------+-------+------------+------------------------+
; Slack  ; Actual Width ; Required Width ; Type             ; Clock ; Clock Edge ; Target                 ;
+--------+--------------+----------------+------------------+-------+------------+------------------------+
; -1.380 ; 1.000        ; 2.380          ; Port Rate        ; Clock ; Rise       ; Clock                  ;
; -0.500 ; 0.500        ; 1.000          ; High Pulse Width ; Clock ; Rise       ; Y[0]~en                ;
; -0.500 ; 0.500        ; 1.000          ; Low Pulse Width  ; Clock ; Rise       ; Y[0]~en                ;
; -0.500 ; 0.500        ; 1.000          ; High Pulse Width ; Clock ; Rise       ; Y[0]~reg0              ;
; -0.500 ; 0.500        ; 1.000          ; Low Pulse Width  ; Clock ; Rise       ; Y[0]~reg0              ;
; -0.500 ; 0.500        ; 1.000          ; High Pulse Width ; Clock ; Rise       ; Y[1]~en                ;
; -0.500 ; 0.500        ; 1.000          ; Low Pulse Width  ; Clock ; Rise       ; Y[1]~en                ;
; -0.500 ; 0.500        ; 1.000          ; High Pulse Width ; Clock ; Rise       ; Y[1]~reg0              ;
; -0.500 ; 0.500        ; 1.000          ; Low Pulse Width  ; Clock ; Rise       ; Y[1]~reg0              ;
; -0.500 ; 0.500        ; 1.000          ; High Pulse Width ; Clock ; Rise       ; Y[2]~en                ;
; -0.500 ; 0.500        ; 1.000          ; Low Pulse Width  ; Clock ; Rise       ; Y[2]~en                ;
; -0.500 ; 0.500        ; 1.000          ; High Pulse Width ; Clock ; Rise       ; Y[2]~reg0              ;
; -0.500 ; 0.500        ; 1.000          ; Low Pulse Width  ; Clock ; Rise       ; Y[2]~reg0              ;
; -0.500 ; 0.500        ; 1.000          ; High Pulse Width ; Clock ; Rise       ; Y[3]~en                ;
; -0.500 ; 0.500        ; 1.000          ; Low Pulse Width  ; Clock ; Rise       ; Y[3]~en                ;
; -0.500 ; 0.500        ; 1.000          ; High Pulse Width ; Clock ; Rise       ; Y[3]~reg0              ;
; -0.500 ; 0.500        ; 1.000          ; Low Pulse Width  ; Clock ; Rise       ; Y[3]~reg0              ;
; -0.500 ; 0.500        ; 1.000          ; High Pulse Width ; Clock ; Rise       ; Y[4]~en                ;
; -0.500 ; 0.500        ; 1.000          ; Low Pulse Width  ; Clock ; Rise       ; Y[4]~en                ;
; -0.500 ; 0.500        ; 1.000          ; High Pulse Width ; Clock ; Rise       ; Y[4]~reg0              ;
; -0.500 ; 0.500        ; 1.000          ; Low Pulse Width  ; Clock ; Rise       ; Y[4]~reg0              ;
; -0.500 ; 0.500        ; 1.000          ; High Pulse Width ; Clock ; Rise       ; Y[5]~en                ;
; -0.500 ; 0.500        ; 1.000          ; Low Pulse Width  ; Clock ; Rise       ; Y[5]~en                ;
; -0.500 ; 0.500        ; 1.000          ; High Pulse Width ; Clock ; Rise       ; Y[5]~reg0              ;
; -0.500 ; 0.500        ; 1.000          ; Low Pulse Width  ; Clock ; Rise       ; Y[5]~reg0              ;
; -0.500 ; 0.500        ; 1.000          ; High Pulse Width ; Clock ; Rise       ; Y[6]~en                ;
; -0.500 ; 0.500        ; 1.000          ; Low Pulse Width  ; Clock ; Rise       ; Y[6]~en                ;
; -0.500 ; 0.500        ; 1.000          ; High Pulse Width ; Clock ; Rise       ; Y[6]~reg0              ;
; -0.500 ; 0.500        ; 1.000          ; Low Pulse Width  ; Clock ; Rise       ; Y[6]~reg0              ;
; -0.500 ; 0.500        ; 1.000          ; High Pulse Width ; Clock ; Rise       ; Y[7]~en                ;
; -0.500 ; 0.500        ; 1.000          ; Low Pulse Width  ; Clock ; Rise       ; Y[7]~en                ;
; -0.500 ; 0.500        ; 1.000          ; High Pulse Width ; Clock ; Rise       ; Y[7]~reg0              ;
; -0.500 ; 0.500        ; 1.000          ; Low Pulse Width  ; Clock ; Rise       ; Y[7]~reg0              ;
; 0.500  ; 0.500        ; 0.000          ; High Pulse Width ; Clock ; Rise       ; Clock|combout          ;
; 0.500  ; 0.500        ; 0.000          ; Low Pulse Width  ; Clock ; Rise       ; Clock|combout          ;
; 0.500  ; 0.500        ; 0.000          ; High Pulse Width ; Clock ; Rise       ; Clock~clkctrl|inclk[0] ;
; 0.500  ; 0.500        ; 0.000          ; Low Pulse Width  ; Clock ; Rise       ; Clock~clkctrl|inclk[0] ;
; 0.500  ; 0.500        ; 0.000          ; High Pulse Width ; Clock ; Rise       ; Clock~clkctrl|outclk   ;
; 0.500  ; 0.500        ; 0.000          ; Low Pulse Width  ; Clock ; Rise       ; Clock~clkctrl|outclk   ;
; 0.500  ; 0.500        ; 0.000          ; High Pulse Width ; Clock ; Rise       ; Y[0]~en|clk            ;
; 0.500  ; 0.500        ; 0.000          ; Low Pulse Width  ; Clock ; Rise       ; Y[0]~en|clk            ;
; 0.500  ; 0.500        ; 0.000          ; High Pulse Width ; Clock ; Rise       ; Y[0]~reg0|clk          ;
; 0.500  ; 0.500        ; 0.000          ; Low Pulse Width  ; Clock ; Rise       ; Y[0]~reg0|clk          ;
; 0.500  ; 0.500        ; 0.000          ; High Pulse Width ; Clock ; Rise       ; Y[1]~en|clk            ;
; 0.500  ; 0.500        ; 0.000          ; Low Pulse Width  ; Clock ; Rise       ; Y[1]~en|clk            ;
; 0.500  ; 0.500        ; 0.000          ; High Pulse Width ; Clock ; Rise       ; Y[1]~reg0|clk          ;
; 0.500  ; 0.500        ; 0.000          ; Low Pulse Width  ; Clock ; Rise       ; Y[1]~reg0|clk          ;
; 0.500  ; 0.500        ; 0.000          ; High Pulse Width ; Clock ; Rise       ; Y[2]~en|clk            ;
; 0.500  ; 0.500        ; 0.000          ; Low Pulse Width  ; Clock ; Rise       ; Y[2]~en|clk            ;
; 0.500  ; 0.500        ; 0.000          ; High Pulse Width ; Clock ; Rise       ; Y[2]~reg0|clk          ;
; 0.500  ; 0.500        ; 0.000          ; Low Pulse Width  ; Clock ; Rise       ; Y[2]~reg0|clk          ;
; 0.500  ; 0.500        ; 0.000          ; High Pulse Width ; Clock ; Rise       ; Y[3]~en|clk            ;
; 0.500  ; 0.500        ; 0.000          ; Low Pulse Width  ; Clock ; Rise       ; Y[3]~en|clk            ;
; 0.500  ; 0.500        ; 0.000          ; High Pulse Width ; Clock ; Rise       ; Y[3]~reg0|clk          ;
; 0.500  ; 0.500        ; 0.000          ; Low Pulse Width  ; Clock ; Rise       ; Y[3]~reg0|clk          ;
; 0.500  ; 0.500        ; 0.000          ; High Pulse Width ; Clock ; Rise       ; Y[4]~en|clk            ;
; 0.500  ; 0.500        ; 0.000          ; Low Pulse Width  ; Clock ; Rise       ; Y[4]~en|clk            ;
; 0.500  ; 0.500        ; 0.000          ; High Pulse Width ; Clock ; Rise       ; Y[4]~reg0|clk          ;
; 0.500  ; 0.500        ; 0.000          ; Low Pulse Width  ; Clock ; Rise       ; Y[4]~reg0|clk          ;
; 0.500  ; 0.500        ; 0.000          ; High Pulse Width ; Clock ; Rise       ; Y[5]~en|clk            ;
; 0.500  ; 0.500        ; 0.000          ; Low Pulse Width  ; Clock ; Rise       ; Y[5]~en|clk            ;
; 0.500  ; 0.500        ; 0.000          ; High Pulse Width ; Clock ; Rise       ; Y[5]~reg0|clk          ;
; 0.500  ; 0.500        ; 0.000          ; Low Pulse Width  ; Clock ; Rise       ; Y[5]~reg0|clk          ;
; 0.500  ; 0.500        ; 0.000          ; High Pulse Width ; Clock ; Rise       ; Y[6]~en|clk            ;
; 0.500  ; 0.500        ; 0.000          ; Low Pulse Width  ; Clock ; Rise       ; Y[6]~en|clk            ;
; 0.500  ; 0.500        ; 0.000          ; High Pulse Width ; Clock ; Rise       ; Y[6]~reg0|clk          ;
; 0.500  ; 0.500        ; 0.000          ; Low Pulse Width  ; Clock ; Rise       ; Y[6]~reg0|clk          ;
; 0.500  ; 0.500        ; 0.000          ; High Pulse Width ; Clock ; Rise       ; Y[7]~en|clk            ;
; 0.500  ; 0.500        ; 0.000          ; Low Pulse Width  ; Clock ; Rise       ; Y[7]~en|clk            ;
; 0.500  ; 0.500        ; 0.000          ; High Pulse Width ; Clock ; Rise       ; Y[7]~reg0|clk          ;
; 0.500  ; 0.500        ; 0.000          ; Low Pulse Width  ; Clock ; Rise       ; Y[7]~reg0|clk          ;
+--------+--------------+----------------+------------------+-------+------------+------------------------+


+-------------------------------------------------------------------------+
; Setup Times                                                             ;
+-------------+------------+-------+-------+------------+-----------------+
; Data Port   ; Clock Port ; Rise  ; Fall  ; Clock Edge ; Clock Reference ;
+-------------+------------+-------+-------+------------+-----------------+
; Address[*]  ; Clock      ; 5.313 ; 5.313 ; Rise       ; Clock           ;
;  Address[0] ; Clock      ; 4.891 ; 4.891 ; Rise       ; Clock           ;
;  Address[1] ; Clock      ; 5.313 ; 5.313 ; Rise       ; Clock           ;
;  Address[2] ; Clock      ; 4.582 ; 4.582 ; Rise       ; Clock           ;
;  Address[3] ; Clock      ; 5.151 ; 5.151 ; Rise       ; Clock           ;
;  Address[4] ; Clock      ; 4.346 ; 4.346 ; Rise       ; Clock           ;
; Enable      ; Clock      ; 4.835 ; 4.835 ; Rise       ; Clock           ;
; Read        ; Clock      ; 3.741 ; 3.741 ; Rise       ; Clock           ;
+-------------+------------+-------+-------+------------+-----------------+


+---------------------------------------------------------------------------+
; Hold Times                                                                ;
+-------------+------------+--------+--------+------------+-----------------+
; Data Port   ; Clock Port ; Rise   ; Fall   ; Clock Edge ; Clock Reference ;
+-------------+------------+--------+--------+------------+-----------------+
; Address[*]  ; Clock      ; -3.667 ; -3.667 ; Rise       ; Clock           ;
;  Address[0] ; Clock      ; -3.977 ; -3.977 ; Rise       ; Clock           ;
;  Address[1] ; Clock      ; -4.366 ; -4.366 ; Rise       ; Clock           ;
;  Address[2] ; Clock      ; -3.667 ; -3.667 ; Rise       ; Clock           ;
;  Address[3] ; Clock      ; -4.208 ; -4.208 ; Rise       ; Clock           ;
;  Address[4] ; Clock      ; -3.702 ; -3.702 ; Rise       ; Clock           ;
; Enable      ; Clock      ; -4.559 ; -4.559 ; Rise       ; Clock           ;
; Read        ; Clock      ; -3.503 ; -3.503 ; Rise       ; Clock           ;
+-------------+------------+--------+--------+------------+-----------------+


+-----------------------------------------------------------------------+
; Clock to Output Times                                                 ;
+-----------+------------+-------+-------+------------+-----------------+
; Data Port ; Clock Port ; Rise  ; Fall  ; Clock Edge ; Clock Reference ;
+-----------+------------+-------+-------+------------+-----------------+
; Y[*]      ; Clock      ; 6.541 ; 6.541 ; Rise       ; Clock           ;
;  Y[0]     ; Clock      ; 6.324 ; 6.324 ; Rise       ; Clock           ;
;  Y[1]     ; Clock      ; 6.304 ; 6.304 ; Rise       ; Clock           ;
;  Y[2]     ; Clock      ; 5.751 ; 5.751 ; Rise       ; Clock           ;
;  Y[3]     ; Clock      ; 6.049 ; 6.049 ; Rise       ; Clock           ;
;  Y[4]     ; Clock      ; 6.541 ; 6.541 ; Rise       ; Clock           ;
;  Y[5]     ; Clock      ; 5.752 ; 5.752 ; Rise       ; Clock           ;
;  Y[6]     ; Clock      ; 6.285 ; 6.285 ; Rise       ; Clock           ;
;  Y[7]     ; Clock      ; 6.362 ; 6.362 ; Rise       ; Clock           ;
+-----------+------------+-------+-------+------------+-----------------+


+-----------------------------------------------------------------------+
; Minimum Clock to Output Times                                         ;
+-----------+------------+-------+-------+------------+-----------------+
; Data Port ; Clock Port ; Rise  ; Fall  ; Clock Edge ; Clock Reference ;
+-----------+------------+-------+-------+------------+-----------------+
; Y[*]      ; Clock      ; 5.751 ; 5.751 ; Rise       ; Clock           ;
;  Y[0]     ; Clock      ; 6.324 ; 6.324 ; Rise       ; Clock           ;
;  Y[1]     ; Clock      ; 6.304 ; 6.304 ; Rise       ; Clock           ;
;  Y[2]     ; Clock      ; 5.751 ; 5.751 ; Rise       ; Clock           ;
;  Y[3]     ; Clock      ; 6.049 ; 6.049 ; Rise       ; Clock           ;
;  Y[4]     ; Clock      ; 6.541 ; 6.541 ; Rise       ; Clock           ;
;  Y[5]     ; Clock      ; 5.752 ; 5.752 ; Rise       ; Clock           ;
;  Y[6]     ; Clock      ; 6.285 ; 6.285 ; Rise       ; Clock           ;
;  Y[7]     ; Clock      ; 6.362 ; 6.362 ; Rise       ; Clock           ;
+-----------+------------+-------+-------+------------+-----------------+


+----------------------------------------------------------------------+
; Output Enable Times                                                  ;
+-----------+------------+-------+------+------------+-----------------+
; Data Port ; Clock Port ; Rise  ; Fall ; Clock Edge ; Clock Reference ;
+-----------+------------+-------+------+------------+-----------------+
; Y[*]      ; Clock      ; 5.709 ;      ; Rise       ; Clock           ;
;  Y[0]     ; Clock      ; 6.001 ;      ; Rise       ; Clock           ;
;  Y[1]     ; Clock      ; 5.710 ;      ; Rise       ; Clock           ;
;  Y[2]     ; Clock      ; 6.257 ;      ; Rise       ; Clock           ;
;  Y[3]     ; Clock      ; 6.266 ;      ; Rise       ; Clock           ;
;  Y[4]     ; Clock      ; 6.471 ;      ; Rise       ; Clock           ;
;  Y[5]     ; Clock      ; 6.262 ;      ; Rise       ; Clock           ;
;  Y[6]     ; Clock      ; 5.709 ;      ; Rise       ; Clock           ;
;  Y[7]     ; Clock      ; 5.990 ;      ; Rise       ; Clock           ;
+-----------+------------+-------+------+------------+-----------------+


+----------------------------------------------------------------------+
; Minimum Output Enable Times                                          ;
+-----------+------------+-------+------+------------+-----------------+
; Data Port ; Clock Port ; Rise  ; Fall ; Clock Edge ; Clock Reference ;
+-----------+------------+-------+------+------------+-----------------+
; Y[*]      ; Clock      ; 5.709 ;      ; Rise       ; Clock           ;
;  Y[0]     ; Clock      ; 6.001 ;      ; Rise       ; Clock           ;
;  Y[1]     ; Clock      ; 5.710 ;      ; Rise       ; Clock           ;
;  Y[2]     ; Clock      ; 6.257 ;      ; Rise       ; Clock           ;
;  Y[3]     ; Clock      ; 6.266 ;      ; Rise       ; Clock           ;
;  Y[4]     ; Clock      ; 6.471 ;      ; Rise       ; Clock           ;
;  Y[5]     ; Clock      ; 6.262 ;      ; Rise       ; Clock           ;
;  Y[6]     ; Clock      ; 5.709 ;      ; Rise       ; Clock           ;
;  Y[7]     ; Clock      ; 5.990 ;      ; Rise       ; Clock           ;
+-----------+------------+-------+------+------------+-----------------+


+-------------------------------------------------------------------------------+
; Output Disable Times                                                          ;
+-----------+------------+-----------+-----------+------------+-----------------+
; Data Port ; Clock Port ; 0 to Hi-Z ; 1 to Hi-Z ; Clock Edge ; Clock Reference ;
+-----------+------------+-----------+-----------+------------+-----------------+
; Y[*]      ; Clock      ; 5.709     ;           ; Rise       ; Clock           ;
;  Y[0]     ; Clock      ; 6.001     ;           ; Rise       ; Clock           ;
;  Y[1]     ; Clock      ; 5.710     ;           ; Rise       ; Clock           ;
;  Y[2]     ; Clock      ; 6.257     ;           ; Rise       ; Clock           ;
;  Y[3]     ; Clock      ; 6.266     ;           ; Rise       ; Clock           ;
;  Y[4]     ; Clock      ; 6.471     ;           ; Rise       ; Clock           ;
;  Y[5]     ; Clock      ; 6.262     ;           ; Rise       ; Clock           ;
;  Y[6]     ; Clock      ; 5.709     ;           ; Rise       ; Clock           ;
;  Y[7]     ; Clock      ; 5.990     ;           ; Rise       ; Clock           ;
+-----------+------------+-----------+-----------+------------+-----------------+


+-------------------------------------------------------------------------------+
; Minimum Output Disable Times                                                  ;
+-----------+------------+-----------+-----------+------------+-----------------+
; Data Port ; Clock Port ; 0 to Hi-Z ; 1 to Hi-Z ; Clock Edge ; Clock Reference ;
+-----------+------------+-----------+-----------+------------+-----------------+
; Y[*]      ; Clock      ; 5.709     ;           ; Rise       ; Clock           ;
;  Y[0]     ; Clock      ; 6.001     ;           ; Rise       ; Clock           ;
;  Y[1]     ; Clock      ; 5.710     ;           ; Rise       ; Clock           ;
;  Y[2]     ; Clock      ; 6.257     ;           ; Rise       ; Clock           ;
;  Y[3]     ; Clock      ; 6.266     ;           ; Rise       ; Clock           ;
;  Y[4]     ; Clock      ; 6.471     ;           ; Rise       ; Clock           ;
;  Y[5]     ; Clock      ; 6.262     ;           ; Rise       ; Clock           ;
;  Y[6]     ; Clock      ; 5.709     ;           ; Rise       ; Clock           ;
;  Y[7]     ; Clock      ; 5.990     ;           ; Rise       ; Clock           ;
+-----------+------------+-----------+-----------+------------+-----------------+


----------------------------
; Fast Model Setup Summary ;
----------------------------
No paths to report.


---------------------------
; Fast Model Hold Summary ;
---------------------------
No paths to report.


-------------------------------
; Fast Model Recovery Summary ;
-------------------------------
No paths to report.


------------------------------
; Fast Model Removal Summary ;
------------------------------
No paths to report.


+----------------------------------------+
; Fast Model Minimum Pulse Width Summary ;
+-------+--------+-----------------------+
; Clock ; Slack  ; End Point TNS         ;
+-------+--------+-----------------------+
; Clock ; -1.380 ; -17.380               ;
+-------+--------+-----------------------+


+---------------------------------------------------------------------------------------------------------+
; Fast Model Minimum Pulse Width: 'Clock'                                                                 ;
+--------+--------------+----------------+------------------+-------+------------+------------------------+
; Slack  ; Actual Width ; Required Width ; Type             ; Clock ; Clock Edge ; Target                 ;
+--------+--------------+----------------+------------------+-------+------------+------------------------+
; -1.380 ; 1.000        ; 2.380          ; Port Rate        ; Clock ; Rise       ; Clock                  ;
; -0.500 ; 0.500        ; 1.000          ; High Pulse Width ; Clock ; Rise       ; Y[0]~en                ;
; -0.500 ; 0.500        ; 1.000          ; Low Pulse Width  ; Clock ; Rise       ; Y[0]~en                ;
; -0.500 ; 0.500        ; 1.000          ; High Pulse Width ; Clock ; Rise       ; Y[0]~reg0              ;
; -0.500 ; 0.500        ; 1.000          ; Low Pulse Width  ; Clock ; Rise       ; Y[0]~reg0              ;
; -0.500 ; 0.500        ; 1.000          ; High Pulse Width ; Clock ; Rise       ; Y[1]~en                ;
; -0.500 ; 0.500        ; 1.000          ; Low Pulse Width  ; Clock ; Rise       ; Y[1]~en                ;
; -0.500 ; 0.500        ; 1.000          ; High Pulse Width ; Clock ; Rise       ; Y[1]~reg0              ;
; -0.500 ; 0.500        ; 1.000          ; Low Pulse Width  ; Clock ; Rise       ; Y[1]~reg0              ;
; -0.500 ; 0.500        ; 1.000          ; High Pulse Width ; Clock ; Rise       ; Y[2]~en                ;
; -0.500 ; 0.500        ; 1.000          ; Low Pulse Width  ; Clock ; Rise       ; Y[2]~en                ;
; -0.500 ; 0.500        ; 1.000          ; High Pulse Width ; Clock ; Rise       ; Y[2]~reg0              ;
; -0.500 ; 0.500        ; 1.000          ; Low Pulse Width  ; Clock ; Rise       ; Y[2]~reg0              ;
; -0.500 ; 0.500        ; 1.000          ; High Pulse Width ; Clock ; Rise       ; Y[3]~en                ;
; -0.500 ; 0.500        ; 1.000          ; Low Pulse Width  ; Clock ; Rise       ; Y[3]~en                ;
; -0.500 ; 0.500        ; 1.000          ; High Pulse Width ; Clock ; Rise       ; Y[3]~reg0              ;
; -0.500 ; 0.500        ; 1.000          ; Low Pulse Width  ; Clock ; Rise       ; Y[3]~reg0              ;
; -0.500 ; 0.500        ; 1.000          ; High Pulse Width ; Clock ; Rise       ; Y[4]~en                ;
; -0.500 ; 0.500        ; 1.000          ; Low Pulse Width  ; Clock ; Rise       ; Y[4]~en                ;
; -0.500 ; 0.500        ; 1.000          ; High Pulse Width ; Clock ; Rise       ; Y[4]~reg0              ;
; -0.500 ; 0.500        ; 1.000          ; Low Pulse Width  ; Clock ; Rise       ; Y[4]~reg0              ;
; -0.500 ; 0.500        ; 1.000          ; High Pulse Width ; Clock ; Rise       ; Y[5]~en                ;
; -0.500 ; 0.500        ; 1.000          ; Low Pulse Width  ; Clock ; Rise       ; Y[5]~en                ;
; -0.500 ; 0.500        ; 1.000          ; High Pulse Width ; Clock ; Rise       ; Y[5]~reg0              ;
; -0.500 ; 0.500        ; 1.000          ; Low Pulse Width  ; Clock ; Rise       ; Y[5]~reg0              ;
; -0.500 ; 0.500        ; 1.000          ; High Pulse Width ; Clock ; Rise       ; Y[6]~en                ;
; -0.500 ; 0.500        ; 1.000          ; Low Pulse Width  ; Clock ; Rise       ; Y[6]~en                ;
; -0.500 ; 0.500        ; 1.000          ; High Pulse Width ; Clock ; Rise       ; Y[6]~reg0              ;
; -0.500 ; 0.500        ; 1.000          ; Low Pulse Width  ; Clock ; Rise       ; Y[6]~reg0              ;
; -0.500 ; 0.500        ; 1.000          ; High Pulse Width ; Clock ; Rise       ; Y[7]~en                ;
; -0.500 ; 0.500        ; 1.000          ; Low Pulse Width  ; Clock ; Rise       ; Y[7]~en                ;
; -0.500 ; 0.500        ; 1.000          ; High Pulse Width ; Clock ; Rise       ; Y[7]~reg0              ;
; -0.500 ; 0.500        ; 1.000          ; Low Pulse Width  ; Clock ; Rise       ; Y[7]~reg0              ;
; 0.500  ; 0.500        ; 0.000          ; High Pulse Width ; Clock ; Rise       ; Clock|combout          ;
; 0.500  ; 0.500        ; 0.000          ; Low Pulse Width  ; Clock ; Rise       ; Clock|combout          ;
; 0.500  ; 0.500        ; 0.000          ; High Pulse Width ; Clock ; Rise       ; Clock~clkctrl|inclk[0] ;
; 0.500  ; 0.500        ; 0.000          ; Low Pulse Width  ; Clock ; Rise       ; Clock~clkctrl|inclk[0] ;
; 0.500  ; 0.500        ; 0.000          ; High Pulse Width ; Clock ; Rise       ; Clock~clkctrl|outclk   ;
; 0.500  ; 0.500        ; 0.000          ; Low Pulse Width  ; Clock ; Rise       ; Clock~clkctrl|outclk   ;
; 0.500  ; 0.500        ; 0.000          ; High Pulse Width ; Clock ; Rise       ; Y[0]~en|clk            ;
; 0.500  ; 0.500        ; 0.000          ; Low Pulse Width  ; Clock ; Rise       ; Y[0]~en|clk            ;
; 0.500  ; 0.500        ; 0.000          ; High Pulse Width ; Clock ; Rise       ; Y[0]~reg0|clk          ;
; 0.500  ; 0.500        ; 0.000          ; Low Pulse Width  ; Clock ; Rise       ; Y[0]~reg0|clk          ;
; 0.500  ; 0.500        ; 0.000          ; High Pulse Width ; Clock ; Rise       ; Y[1]~en|clk            ;
; 0.500  ; 0.500        ; 0.000          ; Low Pulse Width  ; Clock ; Rise       ; Y[1]~en|clk            ;
; 0.500  ; 0.500        ; 0.000          ; High Pulse Width ; Clock ; Rise       ; Y[1]~reg0|clk          ;
; 0.500  ; 0.500        ; 0.000          ; Low Pulse Width  ; Clock ; Rise       ; Y[1]~reg0|clk          ;
; 0.500  ; 0.500        ; 0.000          ; High Pulse Width ; Clock ; Rise       ; Y[2]~en|clk            ;
; 0.500  ; 0.500        ; 0.000          ; Low Pulse Width  ; Clock ; Rise       ; Y[2]~en|clk            ;
; 0.500  ; 0.500        ; 0.000          ; High Pulse Width ; Clock ; Rise       ; Y[2]~reg0|clk          ;
; 0.500  ; 0.500        ; 0.000          ; Low Pulse Width  ; Clock ; Rise       ; Y[2]~reg0|clk          ;
; 0.500  ; 0.500        ; 0.000          ; High Pulse Width ; Clock ; Rise       ; Y[3]~en|clk            ;
; 0.500  ; 0.500        ; 0.000          ; Low Pulse Width  ; Clock ; Rise       ; Y[3]~en|clk            ;
; 0.500  ; 0.500        ; 0.000          ; High Pulse Width ; Clock ; Rise       ; Y[3]~reg0|clk          ;
; 0.500  ; 0.500        ; 0.000          ; Low Pulse Width  ; Clock ; Rise       ; Y[3]~reg0|clk          ;
; 0.500  ; 0.500        ; 0.000          ; High Pulse Width ; Clock ; Rise       ; Y[4]~en|clk            ;
; 0.500  ; 0.500        ; 0.000          ; Low Pulse Width  ; Clock ; Rise       ; Y[4]~en|clk            ;
; 0.500  ; 0.500        ; 0.000          ; High Pulse Width ; Clock ; Rise       ; Y[4]~reg0|clk          ;
; 0.500  ; 0.500        ; 0.000          ; Low Pulse Width  ; Clock ; Rise       ; Y[4]~reg0|clk          ;
; 0.500  ; 0.500        ; 0.000          ; High Pulse Width ; Clock ; Rise       ; Y[5]~en|clk            ;
; 0.500  ; 0.500        ; 0.000          ; Low Pulse Width  ; Clock ; Rise       ; Y[5]~en|clk            ;
; 0.500  ; 0.500        ; 0.000          ; High Pulse Width ; Clock ; Rise       ; Y[5]~reg0|clk          ;
; 0.500  ; 0.500        ; 0.000          ; Low Pulse Width  ; Clock ; Rise       ; Y[5]~reg0|clk          ;
; 0.500  ; 0.500        ; 0.000          ; High Pulse Width ; Clock ; Rise       ; Y[6]~en|clk            ;
; 0.500  ; 0.500        ; 0.000          ; Low Pulse Width  ; Clock ; Rise       ; Y[6]~en|clk            ;
; 0.500  ; 0.500        ; 0.000          ; High Pulse Width ; Clock ; Rise       ; Y[6]~reg0|clk          ;
; 0.500  ; 0.500        ; 0.000          ; Low Pulse Width  ; Clock ; Rise       ; Y[6]~reg0|clk          ;
; 0.500  ; 0.500        ; 0.000          ; High Pulse Width ; Clock ; Rise       ; Y[7]~en|clk            ;
; 0.500  ; 0.500        ; 0.000          ; Low Pulse Width  ; Clock ; Rise       ; Y[7]~en|clk            ;
; 0.500  ; 0.500        ; 0.000          ; High Pulse Width ; Clock ; Rise       ; Y[7]~reg0|clk          ;
; 0.500  ; 0.500        ; 0.000          ; Low Pulse Width  ; Clock ; Rise       ; Y[7]~reg0|clk          ;
+--------+--------------+----------------+------------------+-------+------------+------------------------+


+-------------------------------------------------------------------------+
; Setup Times                                                             ;
+-------------+------------+-------+-------+------------+-----------------+
; Data Port   ; Clock Port ; Rise  ; Fall  ; Clock Edge ; Clock Reference ;
+-------------+------------+-------+-------+------------+-----------------+
; Address[*]  ; Clock      ; 2.777 ; 2.777 ; Rise       ; Clock           ;
;  Address[0] ; Clock      ; 2.591 ; 2.591 ; Rise       ; Clock           ;
;  Address[1] ; Clock      ; 2.777 ; 2.777 ; Rise       ; Clock           ;
;  Address[2] ; Clock      ; 2.448 ; 2.448 ; Rise       ; Clock           ;
;  Address[3] ; Clock      ; 2.678 ; 2.678 ; Rise       ; Clock           ;
;  Address[4] ; Clock      ; 2.345 ; 2.345 ; Rise       ; Clock           ;
; Enable      ; Clock      ; 2.728 ; 2.728 ; Rise       ; Clock           ;
; Read        ; Clock      ; 2.140 ; 2.140 ; Rise       ; Clock           ;
+-------------+------------+-------+-------+------------+-----------------+


+---------------------------------------------------------------------------+
; Hold Times                                                                ;
+-------------+------------+--------+--------+------------+-----------------+
; Data Port   ; Clock Port ; Rise   ; Fall   ; Clock Edge ; Clock Reference ;
+-------------+------------+--------+--------+------------+-----------------+
; Address[*]  ; Clock      ; -2.025 ; -2.025 ; Rise       ; Clock           ;
;  Address[0] ; Clock      ; -2.166 ; -2.166 ; Rise       ; Clock           ;
;  Address[1] ; Clock      ; -2.324 ; -2.324 ; Rise       ; Clock           ;
;  Address[2] ; Clock      ; -2.025 ; -2.025 ; Rise       ; Clock           ;
;  Address[3] ; Clock      ; -2.259 ; -2.259 ; Rise       ; Clock           ;
;  Address[4] ; Clock      ; -2.048 ; -2.048 ; Rise       ; Clock           ;
; Enable      ; Clock      ; -2.573 ; -2.573 ; Rise       ; Clock           ;
; Read        ; Clock      ; -2.015 ; -2.015 ; Rise       ; Clock           ;
+-------------+------------+--------+--------+------------+-----------------+


+-----------------------------------------------------------------------+
; Clock to Output Times                                                 ;
+-----------+------------+-------+-------+------------+-----------------+
; Data Port ; Clock Port ; Rise  ; Fall  ; Clock Edge ; Clock Reference ;
+-----------+------------+-------+-------+------------+-----------------+
; Y[*]      ; Clock      ; 3.650 ; 3.650 ; Rise       ; Clock           ;
;  Y[0]     ; Clock      ; 3.540 ; 3.540 ; Rise       ; Clock           ;
;  Y[1]     ; Clock      ; 3.517 ; 3.517 ; Rise       ; Clock           ;
;  Y[2]     ; Clock      ; 3.238 ; 3.238 ; Rise       ; Clock           ;
;  Y[3]     ; Clock      ; 3.375 ; 3.375 ; Rise       ; Clock           ;
;  Y[4]     ; Clock      ; 3.650 ; 3.650 ; Rise       ; Clock           ;
;  Y[5]     ; Clock      ; 3.238 ; 3.238 ; Rise       ; Clock           ;
;  Y[6]     ; Clock      ; 3.508 ; 3.508 ; Rise       ; Clock           ;
;  Y[7]     ; Clock      ; 3.557 ; 3.557 ; Rise       ; Clock           ;
+-----------+------------+-------+-------+------------+-----------------+


+-----------------------------------------------------------------------+
; Minimum Clock to Output Times                                         ;
+-----------+------------+-------+-------+------------+-----------------+
; Data Port ; Clock Port ; Rise  ; Fall  ; Clock Edge ; Clock Reference ;
+-----------+------------+-------+-------+------------+-----------------+
; Y[*]      ; Clock      ; 3.238 ; 3.238 ; Rise       ; Clock           ;
;  Y[0]     ; Clock      ; 3.540 ; 3.540 ; Rise       ; Clock           ;
;  Y[1]     ; Clock      ; 3.517 ; 3.517 ; Rise       ; Clock           ;
;  Y[2]     ; Clock      ; 3.238 ; 3.238 ; Rise       ; Clock           ;
;  Y[3]     ; Clock      ; 3.375 ; 3.375 ; Rise       ; Clock           ;
;  Y[4]     ; Clock      ; 3.650 ; 3.650 ; Rise       ; Clock           ;
;  Y[5]     ; Clock      ; 3.238 ; 3.238 ; Rise       ; Clock           ;
;  Y[6]     ; Clock      ; 3.508 ; 3.508 ; Rise       ; Clock           ;
;  Y[7]     ; Clock      ; 3.557 ; 3.557 ; Rise       ; Clock           ;
+-----------+------------+-------+-------+------------+-----------------+


+----------------------------------------------------------------------+
; Output Enable Times                                                  ;
+-----------+------------+-------+------+------------+-----------------+
; Data Port ; Clock Port ; Rise  ; Fall ; Clock Edge ; Clock Reference ;
+-----------+------------+-------+------+------------+-----------------+
; Y[*]      ; Clock      ; 3.196 ;      ; Rise       ; Clock           ;
;  Y[0]     ; Clock      ; 3.343 ;      ; Rise       ; Clock           ;
;  Y[1]     ; Clock      ; 3.197 ;      ; Rise       ; Clock           ;
;  Y[2]     ; Clock      ; 3.504 ;      ; Rise       ; Clock           ;
;  Y[3]     ; Clock      ; 3.514 ;      ; Rise       ; Clock           ;
;  Y[4]     ; Clock      ; 3.645 ;      ; Rise       ; Clock           ;
;  Y[5]     ; Clock      ; 3.505 ;      ; Rise       ; Clock           ;
;  Y[6]     ; Clock      ; 3.196 ;      ; Rise       ; Clock           ;
;  Y[7]     ; Clock      ; 3.335 ;      ; Rise       ; Clock           ;
+-----------+------------+-------+------+------------+-----------------+


+----------------------------------------------------------------------+
; Minimum Output Enable Times                                          ;
+-----------+------------+-------+------+------------+-----------------+
; Data Port ; Clock Port ; Rise  ; Fall ; Clock Edge ; Clock Reference ;
+-----------+------------+-------+------+------------+-----------------+
; Y[*]      ; Clock      ; 3.196 ;      ; Rise       ; Clock           ;
;  Y[0]     ; Clock      ; 3.343 ;      ; Rise       ; Clock           ;
;  Y[1]     ; Clock      ; 3.197 ;      ; Rise       ; Clock           ;
;  Y[2]     ; Clock      ; 3.504 ;      ; Rise       ; Clock           ;
;  Y[3]     ; Clock      ; 3.514 ;      ; Rise       ; Clock           ;
;  Y[4]     ; Clock      ; 3.645 ;      ; Rise       ; Clock           ;
;  Y[5]     ; Clock      ; 3.505 ;      ; Rise       ; Clock           ;
;  Y[6]     ; Clock      ; 3.196 ;      ; Rise       ; Clock           ;
;  Y[7]     ; Clock      ; 3.335 ;      ; Rise       ; Clock           ;
+-----------+------------+-------+------+------------+-----------------+


+-------------------------------------------------------------------------------+
; Output Disable Times                                                          ;
+-----------+------------+-----------+-----------+------------+-----------------+
; Data Port ; Clock Port ; 0 to Hi-Z ; 1 to Hi-Z ; Clock Edge ; Clock Reference ;
+-----------+------------+-----------+-----------+------------+-----------------+
; Y[*]      ; Clock      ; 3.196     ;           ; Rise       ; Clock           ;
;  Y[0]     ; Clock      ; 3.343     ;           ; Rise       ; Clock           ;
;  Y[1]     ; Clock      ; 3.197     ;           ; Rise       ; Clock           ;
;  Y[2]     ; Clock      ; 3.504     ;           ; Rise       ; Clock           ;
;  Y[3]     ; Clock      ; 3.514     ;           ; Rise       ; Clock           ;
;  Y[4]     ; Clock      ; 3.645     ;           ; Rise       ; Clock           ;
;  Y[5]     ; Clock      ; 3.505     ;           ; Rise       ; Clock           ;
;  Y[6]     ; Clock      ; 3.196     ;           ; Rise       ; Clock           ;
;  Y[7]     ; Clock      ; 3.335     ;           ; Rise       ; Clock           ;
+-----------+------------+-----------+-----------+------------+-----------------+


+-------------------------------------------------------------------------------+
; Minimum Output Disable Times                                                  ;
+-----------+------------+-----------+-----------+------------+-----------------+
; Data Port ; Clock Port ; 0 to Hi-Z ; 1 to Hi-Z ; Clock Edge ; Clock Reference ;
+-----------+------------+-----------+-----------+------------+-----------------+
; Y[*]      ; Clock      ; 3.196     ;           ; Rise       ; Clock           ;
;  Y[0]     ; Clock      ; 3.343     ;           ; Rise       ; Clock           ;
;  Y[1]     ; Clock      ; 3.197     ;           ; Rise       ; Clock           ;
;  Y[2]     ; Clock      ; 3.504     ;           ; Rise       ; Clock           ;
;  Y[3]     ; Clock      ; 3.514     ;           ; Rise       ; Clock           ;
;  Y[4]     ; Clock      ; 3.645     ;           ; Rise       ; Clock           ;
;  Y[5]     ; Clock      ; 3.505     ;           ; Rise       ; Clock           ;
;  Y[6]     ; Clock      ; 3.196     ;           ; Rise       ; Clock           ;
;  Y[7]     ; Clock      ; 3.335     ;           ; Rise       ; Clock           ;
+-----------+------------+-----------+-----------+------------+-----------------+


+----------------------------------------------------------------------------+
; Multicorner Timing Analysis Summary                                        ;
+------------------+-------+------+----------+---------+---------------------+
; Clock            ; Setup ; Hold ; Recovery ; Removal ; Minimum Pulse Width ;
+------------------+-------+------+----------+---------+---------------------+
; Worst-case Slack ; N/A   ; N/A  ; N/A      ; N/A     ; -1.380              ;
;  Clock           ; N/A   ; N/A  ; N/A      ; N/A     ; -1.380              ;
; Design-wide TNS  ; 0.0   ; 0.0  ; 0.0      ; 0.0     ; -17.38              ;
;  Clock           ; N/A   ; N/A  ; N/A      ; N/A     ; -17.380             ;
+------------------+-------+------+----------+---------+---------------------+


+-------------------------------------------------------------------------+
; Setup Times                                                             ;
+-------------+------------+-------+-------+------------+-----------------+
; Data Port   ; Clock Port ; Rise  ; Fall  ; Clock Edge ; Clock Reference ;
+-------------+------------+-------+-------+------------+-----------------+
; Address[*]  ; Clock      ; 5.313 ; 5.313 ; Rise       ; Clock           ;
;  Address[0] ; Clock      ; 4.891 ; 4.891 ; Rise       ; Clock           ;
;  Address[1] ; Clock      ; 5.313 ; 5.313 ; Rise       ; Clock           ;
;  Address[2] ; Clock      ; 4.582 ; 4.582 ; Rise       ; Clock           ;
;  Address[3] ; Clock      ; 5.151 ; 5.151 ; Rise       ; Clock           ;
;  Address[4] ; Clock      ; 4.346 ; 4.346 ; Rise       ; Clock           ;
; Enable      ; Clock      ; 4.835 ; 4.835 ; Rise       ; Clock           ;
; Read        ; Clock      ; 3.741 ; 3.741 ; Rise       ; Clock           ;
+-------------+------------+-------+-------+------------+-----------------+


+---------------------------------------------------------------------------+
; Hold Times                                                                ;
+-------------+------------+--------+--------+------------+-----------------+
; Data Port   ; Clock Port ; Rise   ; Fall   ; Clock Edge ; Clock Reference ;
+-------------+------------+--------+--------+------------+-----------------+
; Address[*]  ; Clock      ; -2.025 ; -2.025 ; Rise       ; Clock           ;
;  Address[0] ; Clock      ; -2.166 ; -2.166 ; Rise       ; Clock           ;
;  Address[1] ; Clock      ; -2.324 ; -2.324 ; Rise       ; Clock           ;
;  Address[2] ; Clock      ; -2.025 ; -2.025 ; Rise       ; Clock           ;
;  Address[3] ; Clock      ; -2.259 ; -2.259 ; Rise       ; Clock           ;
;  Address[4] ; Clock      ; -2.048 ; -2.048 ; Rise       ; Clock           ;
; Enable      ; Clock      ; -2.573 ; -2.573 ; Rise       ; Clock           ;
; Read        ; Clock      ; -2.015 ; -2.015 ; Rise       ; Clock           ;
+-------------+------------+--------+--------+------------+-----------------+


+-----------------------------------------------------------------------+
; Clock to Output Times                                                 ;
+-----------+------------+-------+-------+------------+-----------------+
; Data Port ; Clock Port ; Rise  ; Fall  ; Clock Edge ; Clock Reference ;
+-----------+------------+-------+-------+------------+-----------------+
; Y[*]      ; Clock      ; 6.541 ; 6.541 ; Rise       ; Clock           ;
;  Y[0]     ; Clock      ; 6.324 ; 6.324 ; Rise       ; Clock           ;
;  Y[1]     ; Clock      ; 6.304 ; 6.304 ; Rise       ; Clock           ;
;  Y[2]     ; Clock      ; 5.751 ; 5.751 ; Rise       ; Clock           ;
;  Y[3]     ; Clock      ; 6.049 ; 6.049 ; Rise       ; Clock           ;
;  Y[4]     ; Clock      ; 6.541 ; 6.541 ; Rise       ; Clock           ;
;  Y[5]     ; Clock      ; 5.752 ; 5.752 ; Rise       ; Clock           ;
;  Y[6]     ; Clock      ; 6.285 ; 6.285 ; Rise       ; Clock           ;
;  Y[7]     ; Clock      ; 6.362 ; 6.362 ; Rise       ; Clock           ;
+-----------+------------+-------+-------+------------+-----------------+


+-----------------------------------------------------------------------+
; Minimum Clock to Output Times                                         ;
+-----------+------------+-------+-------+------------+-----------------+
; Data Port ; Clock Port ; Rise  ; Fall  ; Clock Edge ; Clock Reference ;
+-----------+------------+-------+-------+------------+-----------------+
; Y[*]      ; Clock      ; 3.238 ; 3.238 ; Rise       ; Clock           ;
;  Y[0]     ; Clock      ; 3.540 ; 3.540 ; Rise       ; Clock           ;
;  Y[1]     ; Clock      ; 3.517 ; 3.517 ; Rise       ; Clock           ;
;  Y[2]     ; Clock      ; 3.238 ; 3.238 ; Rise       ; Clock           ;
;  Y[3]     ; Clock      ; 3.375 ; 3.375 ; Rise       ; Clock           ;
;  Y[4]     ; Clock      ; 3.650 ; 3.650 ; Rise       ; Clock           ;
;  Y[5]     ; Clock      ; 3.238 ; 3.238 ; Rise       ; Clock           ;
;  Y[6]     ; Clock      ; 3.508 ; 3.508 ; Rise       ; Clock           ;
;  Y[7]     ; Clock      ; 3.557 ; 3.557 ; Rise       ; Clock           ;
+-----------+------------+-------+-------+------------+-----------------+


-------------------
; Clock Transfers ;
-------------------
Nothing to report.


---------------
; Report TCCS ;
---------------
No dedicated SERDES Transmitter circuitry present in device or used in design


---------------
; Report RSKM ;
---------------
No dedicated SERDES Receiver circuitry present in device or used in design


+------------------------------------------------+
; Unconstrained Paths                            ;
+---------------------------------+-------+------+
; Property                        ; Setup ; Hold ;
+---------------------------------+-------+------+
; Illegal Clocks                  ; 0     ; 0    ;
; Unconstrained Clocks            ; 0     ; 0    ;
; Unconstrained Input Ports       ; 8     ; 8    ;
; Unconstrained Input Port Paths  ; 72    ; 72   ;
; Unconstrained Output Ports      ; 8     ; 8    ;
; Unconstrained Output Port Paths ; 16    ; 16   ;
+---------------------------------+-------+------+


+------------------------------------+
; TimeQuest Timing Analyzer Messages ;
+------------------------------------+
Info: *******************************************************************
Info: Running Quartus II 64-Bit TimeQuest Timing Analyzer
    Info: Version 13.0.0 Build 156 04/24/2013 SJ Web Edition
    Info: Processing started: Thu Nov 27 19:38:59 2014
Info: Command: quartus_sta multiplicador -c multiplicador
Info: qsta_default_script.tcl version: #1
Warning (20028): Parallel compilation is not licensed and has been disabled
Critical Warning (332012): Synopsys Design Constraints File file not found: 'multiplicador.sdc'. A Synopsys Design Constraints File is required by the TimeQuest Timing Analyzer to get proper timing constraints. Without it, the Compiler will not properly optimize the design.
Info (332142): No user constrained base clocks found in the design. Calling "derive_clocks -period 1.0"
Info (332105): Deriving Clocks
    Info (332105): create_clock -period 1.000 -name Clock Clock
Info: Found TIMEQUEST_REPORT_SCRIPT_INCLUDE_DEFAULT_ANALYSIS = ON
Info: Analyzing Slow Model
Info (332140): No fmax paths to report
Info (332140): No Setup paths to report
Info (332140): No Hold paths to report
Info (332140): No Recovery paths to report
Info (332140): No Removal paths to report
Critical Warning (332148): Timing requirements not met
Info (332146): Worst-case minimum pulse width slack is -1.380
    Info (332119):     Slack End Point TNS Clock 
    Info (332119): ========= ============= =====================
    Info (332119):    -1.380       -17.380 Clock 
Info (332001): The selected device family is not supported by the report_metastability command.
Info: Analyzing Fast Model
Info (332140): No Setup paths to report
Info (332140): No Hold paths to report
Info (332140): No Recovery paths to report
Info (332140): No Removal paths to report
Critical Warning (332148): Timing requirements not met
Info (332146): Worst-case minimum pulse width slack is -1.380
    Info (332119):     Slack End Point TNS Clock 
    Info (332119): ========= ============= =====================
    Info (332119):    -1.380       -17.380 Clock 
Info (332001): The selected device family is not supported by the report_metastability command.
Info (332102): Design is not fully constrained for setup requirements
Info (332102): Design is not fully constrained for hold requirements
Info: Quartus II 64-Bit TimeQuest Timing Analyzer was successful. 0 errors, 4 warnings
    Info: Peak virtual memory: 382 megabytes
    Info: Processing ended: Thu Nov 27 19:39:00 2014
    Info: Elapsed time: 00:00:01
    Info: Total CPU time (on all processors): 00:00:01


